
 RUN  v2.1.9 /Users/iskandermac/Downloads/project 6/client

[baseline-browser-mapping] The data in this module is over two months old.  To ensure accurate Baseline data, please update: `npm i baseline-browser-mapping@latest -D`
stderr | src/components/home/ArticlesByCategorySection.test.tsx > ArticlesByCategorySection > renders a sentinel div initially when not priority and not intersected
⚠️ React Router Future Flag Warning: React Router will begin wrapping state updates in `React.startTransition` in v7. You can use the `v7_startTransition` future flag to opt-in early. For more information, see https://reactrouter.com/v6/upgrading/future#v7_starttransition.
⚠️ React Router Future Flag Warning: Relative route resolution within Splat routes is changing in v7. You can use the `v7_relativeSplatPath` future flag to opt-in early. For more information, see https://reactrouter.com/v6/upgrading/future#v7_relativesplatpath.

 ❯ src/components/home/ArticlesByCategorySection.test.tsx (6 tests | 2 failed) 61ms
   × ArticlesByCategorySection > filters out excludeIds 11ms
     → Found multiple elements with the text: Article 2

Here are the matching elements:

Ignored nodes: comments, script, style
[36m<h3[39m
  [33mclass[39m=[32m"text-xl font-bold text-gray-900 mb-3 line-clamp-2 leading-tight group-hover:text-blue-600 transition-colors"[39m
  [33mdata-testid[39m=[32m"article-card-title-2"[39m
[36m>[39m
  [0mArticle 2[0m
[36m</h3>[39m

Ignored nodes: comments, script, style
[36m<h3[39m
  [33mclass[39m=[32m"text-xl font-bold text-gray-900 mb-3 line-clamp-2 leading-tight group-hover:text-blue-600 transition-colors"[39m
  [33mdata-testid[39m=[32m"article-card-title-2"[39m
[36m>[39m
  [0mArticle 2[0m
[36m</h3>[39m

(If this is intentional, then use the `*AllBy*` variant of the query (like `queryAllByText`, `getAllByText`, or `findAllByText`)).

Ignored nodes: comments, script, style
[36m<body>[39m
  [36m<div>[39m
    [36m<div[39m
      [33mclass[39m=[32m"py-8 min-h-[100px]"[39m
    [36m/>[39m
  [36m</div>[39m
  [36m<div>[39m
    [36m<section[39m
      [33mclass[39m=[32m"py-16 bg-white relative overflow-hidden"[39m
    [36m>[39m
      [36m<div[39m
        [33mclass[39m=[32m"container-modern relative z-10"[39m
      [36m>[39m
        [36m<div[39m
          [33mclass[39m=[32m"flex flex-col md:flex-row justify-between items-end mb-10 gap-4"[39m
        [36m>[39m
          [36m<div[39m
            [33mclass[39m=[32m"text-right w-full"[39m
          [36m>[39m
            [36m<div[39m
              [33mclass[39m=[32m"skeleton h-8 w-48 mb-4 mr-auto"[39m
              [33mstyle[39m=[32m"margin-right: 0px;"[39m
            [36m/>[39m
            [36m<div[39m
              [33mclass[39m=[32m"skeleton h-12 w-64 mb-4 mr-auto"[39m
              [33mstyle[39m=[32m"margin-right: 0px;"[39m
            [36m/>[39m
            [36m<div[39m
              [33mclass[39m=[32m"skeleton h-6 w-80 mr-auto"[39m
              [33mstyle[39m=[32m"margin-right: 0px;"[39m
            [36m/>[39m
          [36m</div>[39m
          [36m<div[39m
            [33mclass[39m=[32m"skeleton h-12 w-40 rounded-xl"[39m
          [36m/>[39m
        [36m</div>[39m
        [36m<div[39m
          [33mclass[39m=[32m"grid grid-cols-1 sm:grid-cols-2 lg:grid-cols-3 gap-6"[39m
        [36m>[39m
          [36m<div[39m
            [33mclass[39m=[32m"bg-white rounded-3xl overflow-hidden shadow-sm border border-gray-100"[39m
          [36m>[39m
            [36m<div[39m
              [33mclass[39m=[32m"skeleton h-56 w-full"[39m
            [36m/>[39m
            [36m<div[39m
              [33mclass[39m=[32m"p-6 space-y-4"[39m
            [36m>[39m
              [36m<div[39m
                [33mclass[39m=[32m"skeleton h-4 w-1/4 rounded"[39m
              [36m/>[39m
              [36m<div[39m
                [33mclass[39m=[32m"skeleton h-7 w-3/4 rounded"[39m
              [36m/>[39m
              [36m<div[39m
                [33mclass[39m=[32m"skeleton h-4 w-full rounded"[39m
              [36m/>[39m
              [36m<div[39m
                [33mclass[39m=[32m"skeleton h-4 w-5/6 rounded"[39m
              [36m/>[39m
            [36m</div>[39m
          [36m</div>[39m
          [36m<div[39m
            [33mclass[39m=[32m"bg-white rounded-3xl overflow-hidden shadow-sm border border-gray-100"[39m
          [36m>[39m
            [36m<div[39m
              [33mclass[39m=[32m"skeleton h-56 w-full"[39m
            [36m/>[39m
            [36m<div[39m
              [33mclass[39m=[32m"p-6 space-y-4"[39m
            [36m>[39m
              [36m<div[39m
                [33mclass[39m=[32m"skeleton h-4 w-1/4 rounded"[39m
              [36m/>[39m
              [36m<div[39m
                [33mclass[39m=[32m"skeleton h-7 w-3/4 rounded"[39m
              [36m/>[39m
              [36m<div[39m
                [33mclass[39m=[32m"skeleton h-4 w-full rounded"[39m
              [36m/>[39m
              [36m<div[39m
                [33mclass[39m=[32m"skeleton h-4 w-5/6 rounded"[39m
              [36m/>[39m
            [36m</div>[39m
          [36m</div>[39m
          [36m<div[39m
            [33mclass[39m=[32m"bg-white rounded-3xl overflow-hidden shadow-sm border border-gray-100"[39m
          [36m>[39m
            [36m<div[39m
              [33mclass[39m=[32m"skeleton h-56 w-full"[39m
            [36m/>[39m
            [36m<div[39m
              [33mclass[39m=[32m"p-6 space-y-4"[39m
            [36m>[39m
              [36m<div[39m
                [33mclass[39m=[32m"skeleton h-4 w-1/4 rounded"[39m
              [36m/>[39m
              [36m<div[39m
                [33mclass[39m=[32m"skeleton h-7 w-3/4 rounded"[39m
              [36m/>[39m
              [36m<div[39m
                [33mclass[39m=[32m"skeleton h-4 w-full rounded"[39m
              [36m/>[39m
              [36m<div[39m
                [33mclass[39m=[32m"skeleton h-4 w-5/6 rounded"[39m
              [36m/>[39m
            [36m</div>[39m
          [36m</div>[39m
        [36m</div>[39m
      [36m</div>[39m
    [36m</section>[39m
  [36m</div>[39m
  [36m<div />[39m
  [36m<div>[39m
    [36m<section[39m
      [33mclass[39m=[32m"py-16 bg-white relative overflow-hidden"[39m
    [36m>[39m
      [36m<div[39m
        [33mclass[39m=[32m"absolute top-0 left-0 w-full h-full overflow-hidden pointer-events-none"[39m
      [36m>[39m
        [36m<div[39m
          [33mclass[39m=[32m"absolute top-20 right-10 w-64 h-64 bg-blue-50 rounded-full blur-3xl opacity-40"[39m
        [36m/>[39m
        [36m<div[39m
          [33mclass[39m=[32m"absolute bottom-20 left-10 w-80 h-80 bg-indigo-50 rounded-full blur-3xl opacity-40"[39m
        [36m/>[39m
      [36m</div>[39m
      [36m<div[39m
        [33mclass[39m=[32m"container-modern relative z-10"[39m
      [36m>[39m
        [36m<div[39m
          [33mclass[39m=[32m"flex flex-col md:flex-row justify-between items-end mb-10 gap-4"[39m
        [36m>[39m
          [36m<div[39m
            [33mclass[39m=[32m"text-right w-full"[39m
          [36m>[39m
            [36m<div[39m
              [33mclass[39m=[32m"inline-flex items-center gap-2 bg-blue-100 text-blue-800 rounded-full px-4 py-1.5 mb-4"[39m
            [36m>[39m
              [36m<svg[39m
                [33mclass[39m=[32m"lucide lucide-tag w-4 h-4"[39m
                [33mfill[39m=[32m"none"[39m
                [33mheight[39m=[32m"24"[39m
                [33mstroke[39m=[32m"currentColor"[39m
                [33mstroke-linecap[39m=[32m"round"[39m
                [33mstroke-linejoin[39m=[32m"round"[39m
                [33mstroke-width[39m=[32m"2"[39m
                [33mviewBox[39m=[32m"0 0 24 24"[39m
                [33mwidth[39m=[32m"24"[39m
                [33mxmlns[39m=[32m"http://www.w3.org/2000/svg"[39m
              [36m>[39m
                [36m<path[39m
                  [33md[39m=[32m"M12.586 2.586A2 2 0 0 0 11.172 2H4a2 2 0 0 0-2 2v7.172a2 2 0 0 0 .586 1.414l8.704 8.704a2.426 2.426 0 0 0 3.42 0l6.58-6.58a2.426 2.426 0 0 0 0-3.42z"[39m
                [36m/>[39m
                [36m<circle[39m
                  [33mcx[39m=[32m"7.5"[39m
                  [33mcy[39m=[32m"7.5"[39m
                  [33mfill[39m=[32m"currentColor"[39m
                  [33mr[39m=[32m".5"[39m
                [36m/>[39m
              [36m</svg>[39m
              [36m<span[39m
                [33mclass[39m=[32m"text-sm font-medium"[39m
              [36m>[39m
                [0mأحدث المقالات في قسم[0m
              [36m</span>[39m
            [36m</div>[39m
           ...
   × ArticlesByCategorySection > triggers visibility and fetches data on intersection 14ms
     → Found multiple elements with the text: Article 1

Here are the matching elements:

Ignored nodes: comments, script, style
[36m<h3[39m
  [33mclass[39m=[32m"text-xl font-bold text-gray-900 mb-3 line-clamp-2 leading-tight group-hover:text-blue-600 transition-colors"[39m
  [33mdata-testid[39m=[32m"article-card-title-1"[39m
[36m>[39m
  [0mArticle 1[0m
[36m</h3>[39m

Ignored nodes: comments, script, style
[36m<h3[39m
  [33mclass[39m=[32m"text-xl font-bold text-gray-900 mb-3 line-clamp-2 leading-tight group-hover:text-blue-600 transition-colors"[39m
  [33mdata-testid[39m=[32m"article-card-title-1"[39m
[36m>[39m
  [0mArticle 1[0m
[36m</h3>[39m

(If this is intentional, then use the `*AllBy*` variant of the query (like `queryAllByText`, `getAllByText`, or `findAllByText`)).

Ignored nodes: comments, script, style
[36m<body>[39m
  [36m<div>[39m
    [36m<div[39m
      [33mclass[39m=[32m"py-8 min-h-[100px]"[39m
    [36m/>[39m
  [36m</div>[39m
  [36m<div>[39m
    [36m<section[39m
      [33mclass[39m=[32m"py-16 bg-white relative overflow-hidden"[39m
    [36m>[39m
      [36m<div[39m
        [33mclass[39m=[32m"container-modern relative z-10"[39m
      [36m>[39m
        [36m<div[39m
          [33mclass[39m=[32m"flex flex-col md:flex-row justify-between items-end mb-10 gap-4"[39m
        [36m>[39m
          [36m<div[39m
            [33mclass[39m=[32m"text-right w-full"[39m
          [36m>[39m
            [36m<div[39m
              [33mclass[39m=[32m"skeleton h-8 w-48 mb-4 mr-auto"[39m
              [33mstyle[39m=[32m"margin-right: 0px;"[39m
            [36m/>[39m
            [36m<div[39m
              [33mclass[39m=[32m"skeleton h-12 w-64 mb-4 mr-auto"[39m
              [33mstyle[39m=[32m"margin-right: 0px;"[39m
            [36m/>[39m
            [36m<div[39m
              [33mclass[39m=[32m"skeleton h-6 w-80 mr-auto"[39m
              [33mstyle[39m=[32m"margin-right: 0px;"[39m
            [36m/>[39m
          [36m</div>[39m
          [36m<div[39m
            [33mclass[39m=[32m"skeleton h-12 w-40 rounded-xl"[39m
          [36m/>[39m
        [36m</div>[39m
        [36m<div[39m
          [33mclass[39m=[32m"grid grid-cols-1 sm:grid-cols-2 lg:grid-cols-3 gap-6"[39m
        [36m>[39m
          [36m<div[39m
            [33mclass[39m=[32m"bg-white rounded-3xl overflow-hidden shadow-sm border border-gray-100"[39m
          [36m>[39m
            [36m<div[39m
              [33mclass[39m=[32m"skeleton h-56 w-full"[39m
            [36m/>[39m
            [36m<div[39m
              [33mclass[39m=[32m"p-6 space-y-4"[39m
            [36m>[39m
              [36m<div[39m
                [33mclass[39m=[32m"skeleton h-4 w-1/4 rounded"[39m
              [36m/>[39m
              [36m<div[39m
                [33mclass[39m=[32m"skeleton h-7 w-3/4 rounded"[39m
              [36m/>[39m
              [36m<div[39m
                [33mclass[39m=[32m"skeleton h-4 w-full rounded"[39m
              [36m/>[39m
              [36m<div[39m
                [33mclass[39m=[32m"skeleton h-4 w-5/6 rounded"[39m
              [36m/>[39m
            [36m</div>[39m
          [36m</div>[39m
          [36m<div[39m
            [33mclass[39m=[32m"bg-white rounded-3xl overflow-hidden shadow-sm border border-gray-100"[39m
          [36m>[39m
            [36m<div[39m
              [33mclass[39m=[32m"skeleton h-56 w-full"[39m
            [36m/>[39m
            [36m<div[39m
              [33mclass[39m=[32m"p-6 space-y-4"[39m
            [36m>[39m
              [36m<div[39m
                [33mclass[39m=[32m"skeleton h-4 w-1/4 rounded"[39m
              [36m/>[39m
              [36m<div[39m
                [33mclass[39m=[32m"skeleton h-7 w-3/4 rounded"[39m
              [36m/>[39m
              [36m<div[39m
                [33mclass[39m=[32m"skeleton h-4 w-full rounded"[39m
              [36m/>[39m
              [36m<div[39m
                [33mclass[39m=[32m"skeleton h-4 w-5/6 rounded"[39m
              [36m/>[39m
            [36m</div>[39m
          [36m</div>[39m
          [36m<div[39m
            [33mclass[39m=[32m"bg-white rounded-3xl overflow-hidden shadow-sm border border-gray-100"[39m
          [36m>[39m
            [36m<div[39m
              [33mclass[39m=[32m"skeleton h-56 w-full"[39m
            [36m/>[39m
            [36m<div[39m
              [33mclass[39m=[32m"p-6 space-y-4"[39m
            [36m>[39m
              [36m<div[39m
                [33mclass[39m=[32m"skeleton h-4 w-1/4 rounded"[39m
              [36m/>[39m
              [36m<div[39m
                [33mclass[39m=[32m"skeleton h-7 w-3/4 rounded"[39m
              [36m/>[39m
              [36m<div[39m
                [33mclass[39m=[32m"skeleton h-4 w-full rounded"[39m
              [36m/>[39m
              [36m<div[39m
                [33mclass[39m=[32m"skeleton h-4 w-5/6 rounded"[39m
              [36m/>[39m
            [36m</div>[39m
          [36m</div>[39m
        [36m</div>[39m
      [36m</div>[39m
    [36m</section>[39m
  [36m</div>[39m
  [36m<div />[39m
  [36m<div>[39m
    [36m<section[39m
      [33mclass[39m=[32m"py-16 bg-white relative overflow-hidden"[39m
    [36m>[39m
      [36m<div[39m
        [33mclass[39m=[32m"absolute top-0 left-0 w-full h-full overflow-hidden pointer-events-none"[39m
      [36m>[39m
        [36m<div[39m
          [33mclass[39m=[32m"absolute top-20 right-10 w-64 h-64 bg-blue-50 rounded-full blur-3xl opacity-40"[39m
        [36m/>[39m
        [36m<div[39m
          [33mclass[39m=[32m"absolute bottom-20 left-10 w-80 h-80 bg-indigo-50 rounded-full blur-3xl opacity-40"[39m
        [36m/>[39m
      [36m</div>[39m
      [36m<div[39m
        [33mclass[39m=[32m"container-modern relative z-10"[39m
      [36m>[39m
        [36m<div[39m
          [33mclass[39m=[32m"flex flex-col md:flex-row justify-between items-end mb-10 gap-4"[39m
        [36m>[39m
          [36m<div[39m
            [33mclass[39m=[32m"text-right w-full"[39m
          [36m>[39m
            [36m<div[39m
              [33mclass[39m=[32m"inline-flex items-center gap-2 bg-blue-100 text-blue-800 rounded-full px-4 py-1.5 mb-4"[39m
            [36m>[39m
              [36m<svg[39m
                [33mclass[39m=[32m"lucide lucide-tag w-4 h-4"[39m
                [33mfill[39m=[32m"none"[39m
                [33mheight[39m=[32m"24"[39m
                [33mstroke[39m=[32m"currentColor"[39m
                [33mstroke-linecap[39m=[32m"round"[39m
                [33mstroke-linejoin[39m=[32m"round"[39m
                [33mstroke-width[39m=[32m"2"[39m
                [33mviewBox[39m=[32m"0 0 24 24"[39m
                [33mwidth[39m=[32m"24"[39m
                [33mxmlns[39m=[32m"http://www.w3.org/2000/svg"[39m
              [36m>[39m
                [36m<path[39m
                  [33md[39m=[32m"M12.586 2.586A2 2 0 0 0 11.172 2H4a2 2 0 0 0-2 2v7.172a2 2 0 0 0 .586 1.414l8.704 8.704a2.426 2.426 0 0 0 3.42 0l6.58-6.58a2.426 2.426 0 0 0 0-3.42z"[39m
                [36m/>[39m
                [36m<circle[39m
                  [33mcx[39m=[32m"7.5"[39m
                  [33mcy[39m=[32m"7.5"[39m
                  [33mfill[39m=[32m"currentColor"[39m
                  [33mr[39m=[32m".5"[39m
                [36m/>[39m
              [36m</svg>[39m
              [36m<span[39m
                [33mclass[39m=[32m"text-sm font-medium"[39m
              [36m>[39m
                [0mأحدث المقالات في قسم[0m
              [36m</span>[39m
            [36m</div>[39m
           ...

⎯⎯⎯⎯⎯⎯⎯ Failed Tests 2 ⎯⎯⎯⎯⎯⎯⎯

 FAIL  src/components/home/ArticlesByCategorySection.test.tsx > ArticlesByCategorySection > filters out excludeIds
TestingLibraryElementError: Found multiple elements with the text: Article 2

Here are the matching elements:

Ignored nodes: comments, script, style
[36m<h3[39m
  [33mclass[39m=[32m"text-xl font-bold text-gray-900 mb-3 line-clamp-2 leading-tight group-hover:text-blue-600 transition-colors"[39m
  [33mdata-testid[39m=[32m"article-card-title-2"[39m
[36m>[39m
  [0mArticle 2[0m
[36m</h3>[39m

Ignored nodes: comments, script, style
[36m<h3[39m
  [33mclass[39m=[32m"text-xl font-bold text-gray-900 mb-3 line-clamp-2 leading-tight group-hover:text-blue-600 transition-colors"[39m
  [33mdata-testid[39m=[32m"article-card-title-2"[39m
[36m>[39m
  [0mArticle 2[0m
[36m</h3>[39m

(If this is intentional, then use the `*AllBy*` variant of the query (like `queryAllByText`, `getAllByText`, or `findAllByText`)).

Ignored nodes: comments, script, style
[36m<body>[39m
  [36m<div>[39m
    [36m<div[39m
      [33mclass[39m=[32m"py-8 min-h-[100px]"[39m
    [36m/>[39m
  [36m</div>[39m
  [36m<div>[39m
    [36m<section[39m
      [33mclass[39m=[32m"py-16 bg-white relative overflow-hidden"[39m
    [36m>[39m
      [36m<div[39m
        [33mclass[39m=[32m"container-modern relative z-10"[39m
      [36m>[39m
        [36m<div[39m
          [33mclass[39m=[32m"flex flex-col md:flex-row justify-between items-end mb-10 gap-4"[39m
        [36m>[39m
          [36m<div[39m
            [33mclass[39m=[32m"text-right w-full"[39m
          [36m>[39m
            [36m<div[39m
              [33mclass[39m=[32m"skeleton h-8 w-48 mb-4 mr-auto"[39m
              [33mstyle[39m=[32m"margin-right: 0px;"[39m
            [36m/>[39m
            [36m<div[39m
              [33mclass[39m=[32m"skeleton h-12 w-64 mb-4 mr-auto"[39m
              [33mstyle[39m=[32m"margin-right: 0px;"[39m
            [36m/>[39m
            [36m<div[39m
              [33mclass[39m=[32m"skeleton h-6 w-80 mr-auto"[39m
              [33mstyle[39m=[32m"margin-right: 0px;"[39m
            [36m/>[39m
          [36m</div>[39m
          [36m<div[39m
            [33mclass[39m=[32m"skeleton h-12 w-40 rounded-xl"[39m
          [36m/>[39m
        [36m</div>[39m
        [36m<div[39m
          [33mclass[39m=[32m"grid grid-cols-1 sm:grid-cols-2 lg:grid-cols-3 gap-6"[39m
        [36m>[39m
          [36m<div[39m
            [33mclass[39m=[32m"bg-white rounded-3xl overflow-hidden shadow-sm border border-gray-100"[39m
          [36m>[39m
            [36m<div[39m
              [33mclass[39m=[32m"skeleton h-56 w-full"[39m
            [36m/>[39m
            [36m<div[39m
              [33mclass[39m=[32m"p-6 space-y-4"[39m
            [36m>[39m
              [36m<div[39m
                [33mclass[39m=[32m"skeleton h-4 w-1/4 rounded"[39m
              [36m/>[39m
              [36m<div[39m
                [33mclass[39m=[32m"skeleton h-7 w-3/4 rounded"[39m
              [36m/>[39m
              [36m<div[39m
                [33mclass[39m=[32m"skeleton h-4 w-full rounded"[39m
              [36m/>[39m
              [36m<div[39m
                [33mclass[39m=[32m"skeleton h-4 w-5/6 rounded"[39m
              [36m/>[39m
            [36m</div>[39m
          [36m</div>[39m
          [36m<div[39m
            [33mclass[39m=[32m"bg-white rounded-3xl overflow-hidden shadow-sm border border-gray-100"[39m
          [36m>[39m
            [36m<div[39m
              [33mclass[39m=[32m"skeleton h-56 w-full"[39m
            [36m/>[39m
            [36m<div[39m
              [33mclass[39m=[32m"p-6 space-y-4"[39m
            [36m>[39m
              [36m<div[39m
                [33mclass[39m=[32m"skeleton h-4 w-1/4 rounded"[39m
              [36m/>[39m
              [36m<div[39m
                [33mclass[39m=[32m"skeleton h-7 w-3/4 rounded"[39m
              [36m/>[39m
              [36m<div[39m
                [33mclass[39m=[32m"skeleton h-4 w-full rounded"[39m
              [36m/>[39m
              [36m<div[39m
                [33mclass[39m=[32m"skeleton h-4 w-5/6 rounded"[39m
              [36m/>[39m
            [36m</div>[39m
          [36m</div>[39m
          [36m<div[39m
            [33mclass[39m=[32m"bg-white rounded-3xl overflow-hidden shadow-sm border border-gray-100"[39m
          [36m>[39m
            [36m<div[39m
              [33mclass[39m=[32m"skeleton h-56 w-full"[39m
            [36m/>[39m
            [36m<div[39m
              [33mclass[39m=[32m"p-6 space-y-4"[39m
            [36m>[39m
              [36m<div[39m
                [33mclass[39m=[32m"skeleton h-4 w-1/4 rounded"[39m
              [36m/>[39m
              [36m<div[39m
                [33mclass[39m=[32m"skeleton h-7 w-3/4 rounded"[39m
              [36m/>[39m
              [36m<div[39m
                [33mclass[39m=[32m"skeleton h-4 w-full rounded"[39m
              [36m/>[39m
              [36m<div[39m
                [33mclass[39m=[32m"skeleton h-4 w-5/6 rounded"[39m
              [36m/>[39m
            [36m</div>[39m
          [36m</div>[39m
        [36m</div>[39m
      [36m</div>[39m
    [36m</section>[39m
  [36m</div>[39m
  [36m<div />[39m
  [36m<div>[39m
    [36m<section[39m
      [33mclass[39m=[32m"py-16 bg-white relative overflow-hidden"[39m
    [36m>[39m
      [36m<div[39m
        [33mclass[39m=[32m"absolute top-0 left-0 w-full h-full overflow-hidden pointer-events-none"[39m
      [36m>[39m
        [36m<div[39m
          [33mclass[39m=[32m"absolute top-20 right-10 w-64 h-64 bg-blue-50 rounded-full blur-3xl opacity-40"[39m
        [36m/>[39m
        [36m<div[39m
          [33mclass[39m=[32m"absolute bottom-20 left-10 w-80 h-80 bg-indigo-50 rounded-full blur-3xl opacity-40"[39m
        [36m/>[39m
      [36m</div>[39m
      [36m<div[39m
        [33mclass[39m=[32m"container-modern relative z-10"[39m
      [36m>[39m
        [36m<div[39m
          [33mclass[39m=[32m"flex flex-col md:flex-row justify-between items-end mb-10 gap-4"[39m
        [36m>[39m
          [36m<div[39m
            [33mclass[39m=[32m"text-right w-full"[39m
          [36m>[39m
            [36m<div[39m
              [33mclass[39m=[32m"inline-flex items-center gap-2 bg-blue-100 text-blue-800 rounded-full px-4 py-1.5 mb-4"[39m
            [36m>[39m
              [36m<svg[39m
                [33mclass[39m=[32m"lucide lucide-tag w-4 h-4"[39m
                [33mfill[39m=[32m"none"[39m
                [33mheight[39m=[32m"24"[39m
                [33mstroke[39m=[32m"currentColor"[39m
                [33mstroke-linecap[39m=[32m"round"[39m
                [33mstroke-linejoin[39m=[32m"round"[39m
                [33mstroke-width[39m=[32m"2"[39m
                [33mviewBox[39m=[32m"0 0 24 24"[39m
                [33mwidth[39m=[32m"24"[39m
                [33mxmlns[39m=[32m"http://www.w3.org/2000/svg"[39m
              [36m>[39m
                [36m<path[39m
                  [33md[39m=[32m"M12.586 2.586A2 2 0 0 0 11.172 2H4a2 2 0 0 0-2 2v7.172a2 2 0 0 0 .586 1.414l8.704 8.704a2.426 2.426 0 0 0 3.42 0l6.58-6.58a2.426 2.426 0 0 0 0-3.42z"[39m
                [36m/>[39m
                [36m<circle[39m
                  [33mcx[39m=[32m"7.5"[39m
                  [33mcy[39m=[32m"7.5"[39m
                  [33mfill[39m=[32m"currentColor"[39m
                  [33mr[39m=[32m".5"[39m
                [36m/>[39m
              [36m</svg>[39m
              [36m<span[39m
                [33mclass[39m=[32m"text-sm font-medium"[39m
              [36m>[39m
                [0mأحدث المقالات في قسم[0m
              [36m</span>[39m
            [36m</div>[39m
           ...
 ❯ Object.getElementError node_modules/@testing-library/dom/dist/config.js:37:19
 ❯ getElementError node_modules/@testing-library/dom/dist/query-helpers.js:20:35
 ❯ getMultipleElementsFoundError node_modules/@testing-library/dom/dist/query-helpers.js:23:10
 ❯ node_modules/@testing-library/dom/dist/query-helpers.js:55:13
 ❯ node_modules/@testing-library/dom/dist/query-helpers.js:95:19
 ❯ src/components/home/ArticlesByCategorySection.test.tsx:120:23
    118| 
    119|         // Article 2 should be in document, but Article 1 should not
    120|         expect(screen.getByText('Article 2')).toBeInTheDocument();
       |                       ^
    121|         expect(screen.queryByText('Article 1')).not.toBeInTheDocument(…
    122|     });

⎯⎯⎯⎯⎯⎯⎯⎯⎯⎯⎯⎯⎯⎯⎯⎯⎯⎯⎯⎯⎯⎯⎯⎯[1/2]⎯

 FAIL  src/components/home/ArticlesByCategorySection.test.tsx > ArticlesByCategorySection > triggers visibility and fetches data on intersection
TestingLibraryElementError: Found multiple elements with the text: Article 1

Here are the matching elements:

Ignored nodes: comments, script, style
[36m<h3[39m
  [33mclass[39m=[32m"text-xl font-bold text-gray-900 mb-3 line-clamp-2 leading-tight group-hover:text-blue-600 transition-colors"[39m
  [33mdata-testid[39m=[32m"article-card-title-1"[39m
[36m>[39m
  [0mArticle 1[0m
[36m</h3>[39m

Ignored nodes: comments, script, style
[36m<h3[39m
  [33mclass[39m=[32m"text-xl font-bold text-gray-900 mb-3 line-clamp-2 leading-tight group-hover:text-blue-600 transition-colors"[39m
  [33mdata-testid[39m=[32m"article-card-title-1"[39m
[36m>[39m
  [0mArticle 1[0m
[36m</h3>[39m

(If this is intentional, then use the `*AllBy*` variant of the query (like `queryAllByText`, `getAllByText`, or `findAllByText`)).

Ignored nodes: comments, script, style
[36m<body>[39m
  [36m<div>[39m
    [36m<div[39m
      [33mclass[39m=[32m"py-8 min-h-[100px]"[39m
    [36m/>[39m
  [36m</div>[39m
  [36m<div>[39m
    [36m<section[39m
      [33mclass[39m=[32m"py-16 bg-white relative overflow-hidden"[39m
    [36m>[39m
      [36m<div[39m
        [33mclass[39m=[32m"container-modern relative z-10"[39m
      [36m>[39m
        [36m<div[39m
          [33mclass[39m=[32m"flex flex-col md:flex-row justify-between items-end mb-10 gap-4"[39m
        [36m>[39m
          [36m<div[39m
            [33mclass[39m=[32m"text-right w-full"[39m
          [36m>[39m
            [36m<div[39m
              [33mclass[39m=[32m"skeleton h-8 w-48 mb-4 mr-auto"[39m
              [33mstyle[39m=[32m"margin-right: 0px;"[39m
            [36m/>[39m
            [36m<div[39m
              [33mclass[39m=[32m"skeleton h-12 w-64 mb-4 mr-auto"[39m
              [33mstyle[39m=[32m"margin-right: 0px;"[39m
            [36m/>[39m
            [36m<div[39m
              [33mclass[39m=[32m"skeleton h-6 w-80 mr-auto"[39m
              [33mstyle[39m=[32m"margin-right: 0px;"[39m
            [36m/>[39m
          [36m</div>[39m
          [36m<div[39m
            [33mclass[39m=[32m"skeleton h-12 w-40 rounded-xl"[39m
          [36m/>[39m
        [36m</div>[39m
        [36m<div[39m
          [33mclass[39m=[32m"grid grid-cols-1 sm:grid-cols-2 lg:grid-cols-3 gap-6"[39m
        [36m>[39m
          [36m<div[39m
            [33mclass[39m=[32m"bg-white rounded-3xl overflow-hidden shadow-sm border border-gray-100"[39m
          [36m>[39m
            [36m<div[39m
              [33mclass[39m=[32m"skeleton h-56 w-full"[39m
            [36m/>[39m
            [36m<div[39m
              [33mclass[39m=[32m"p-6 space-y-4"[39m
            [36m>[39m
              [36m<div[39m
                [33mclass[39m=[32m"skeleton h-4 w-1/4 rounded"[39m
              [36m/>[39m
              [36m<div[39m
                [33mclass[39m=[32m"skeleton h-7 w-3/4 rounded"[39m
              [36m/>[39m
              [36m<div[39m
                [33mclass[39m=[32m"skeleton h-4 w-full rounded"[39m
              [36m/>[39m
              [36m<div[39m
                [33mclass[39m=[32m"skeleton h-4 w-5/6 rounded"[39m
              [36m/>[39m
            [36m</div>[39m
          [36m</div>[39m
          [36m<div[39m
            [33mclass[39m=[32m"bg-white rounded-3xl overflow-hidden shadow-sm border border-gray-100"[39m
          [36m>[39m
            [36m<div[39m
              [33mclass[39m=[32m"skeleton h-56 w-full"[39m
            [36m/>[39m
            [36m<div[39m
              [33mclass[39m=[32m"p-6 space-y-4"[39m
            [36m>[39m
              [36m<div[39m
                [33mclass[39m=[32m"skeleton h-4 w-1/4 rounded"[39m
              [36m/>[39m
              [36m<div[39m
                [33mclass[39m=[32m"skeleton h-7 w-3/4 rounded"[39m
              [36m/>[39m
              [36m<div[39m
                [33mclass[39m=[32m"skeleton h-4 w-full rounded"[39m
              [36m/>[39m
              [36m<div[39m
                [33mclass[39m=[32m"skeleton h-4 w-5/6 rounded"[39m
              [36m/>[39m
            [36m</div>[39m
          [36m</div>[39m
          [36m<div[39m
            [33mclass[39m=[32m"bg-white rounded-3xl overflow-hidden shadow-sm border border-gray-100"[39m
          [36m>[39m
            [36m<div[39m
              [33mclass[39m=[32m"skeleton h-56 w-full"[39m
            [36m/>[39m
            [36m<div[39m
              [33mclass[39m=[32m"p-6 space-y-4"[39m
            [36m>[39m
              [36m<div[39m
                [33mclass[39m=[32m"skeleton h-4 w-1/4 rounded"[39m
              [36m/>[39m
              [36m<div[39m
                [33mclass[39m=[32m"skeleton h-7 w-3/4 rounded"[39m
              [36m/>[39m
              [36m<div[39m
                [33mclass[39m=[32m"skeleton h-4 w-full rounded"[39m
              [36m/>[39m
              [36m<div[39m
                [33mclass[39m=[32m"skeleton h-4 w-5/6 rounded"[39m
              [36m/>[39m
            [36m</div>[39m
          [36m</div>[39m
        [36m</div>[39m
      [36m</div>[39m
    [36m</section>[39m
  [36m</div>[39m
  [36m<div />[39m
  [36m<div>[39m
    [36m<section[39m
      [33mclass[39m=[32m"py-16 bg-white relative overflow-hidden"[39m
    [36m>[39m
      [36m<div[39m
        [33mclass[39m=[32m"absolute top-0 left-0 w-full h-full overflow-hidden pointer-events-none"[39m
      [36m>[39m
        [36m<div[39m
          [33mclass[39m=[32m"absolute top-20 right-10 w-64 h-64 bg-blue-50 rounded-full blur-3xl opacity-40"[39m
        [36m/>[39m
        [36m<div[39m
          [33mclass[39m=[32m"absolute bottom-20 left-10 w-80 h-80 bg-indigo-50 rounded-full blur-3xl opacity-40"[39m
        [36m/>[39m
      [36m</div>[39m
      [36m<div[39m
        [33mclass[39m=[32m"container-modern relative z-10"[39m
      [36m>[39m
        [36m<div[39m
          [33mclass[39m=[32m"flex flex-col md:flex-row justify-between items-end mb-10 gap-4"[39m
        [36m>[39m
          [36m<div[39m
            [33mclass[39m=[32m"text-right w-full"[39m
          [36m>[39m
            [36m<div[39m
              [33mclass[39m=[32m"inline-flex items-center gap-2 bg-blue-100 text-blue-800 rounded-full px-4 py-1.5 mb-4"[39m
            [36m>[39m
              [36m<svg[39m
                [33mclass[39m=[32m"lucide lucide-tag w-4 h-4"[39m
                [33mfill[39m=[32m"none"[39m
                [33mheight[39m=[32m"24"[39m
                [33mstroke[39m=[32m"currentColor"[39m
                [33mstroke-linecap[39m=[32m"round"[39m
                [33mstroke-linejoin[39m=[32m"round"[39m
                [33mstroke-width[39m=[32m"2"[39m
                [33mviewBox[39m=[32m"0 0 24 24"[39m
                [33mwidth[39m=[32m"24"[39m
                [33mxmlns[39m=[32m"http://www.w3.org/2000/svg"[39m
              [36m>[39m
                [36m<path[39m
                  [33md[39m=[32m"M12.586 2.586A2 2 0 0 0 11.172 2H4a2 2 0 0 0-2 2v7.172a2 2 0 0 0 .586 1.414l8.704 8.704a2.426 2.426 0 0 0 3.42 0l6.58-6.58a2.426 2.426 0 0 0 0-3.42z"[39m
                [36m/>[39m
                [36m<circle[39m
                  [33mcx[39m=[32m"7.5"[39m
                  [33mcy[39m=[32m"7.5"[39m
                  [33mfill[39m=[32m"currentColor"[39m
                  [33mr[39m=[32m".5"[39m
                [36m/>[39m
              [36m</svg>[39m
              [36m<span[39m
                [33mclass[39m=[32m"text-sm font-medium"[39m
              [36m>[39m
                [0mأحدث المقالات في قسم[0m
              [36m</span>[39m
            [36m</div>[39m
           ...
 ❯ Object.getElementError node_modules/@testing-library/dom/dist/config.js:37:19
 ❯ getElementError node_modules/@testing-library/dom/dist/query-helpers.js:20:35
 ❯ getMultipleElementsFoundError node_modules/@testing-library/dom/dist/query-helpers.js:23:10
 ❯ node_modules/@testing-library/dom/dist/query-helpers.js:55:13
 ❯ node_modules/@testing-library/dom/dist/query-helpers.js:95:19
 ❯ src/components/home/ArticlesByCategorySection.test.tsx:152:23
    150|         // After intersection, it re-renders and should fetch using us…
    151|         expect(useArticles).toHaveBeenCalledWith({ tag: 'طب الأسنان', …
    152|         expect(screen.getByText('Article 1')).toBeInTheDocument();
       |                       ^
    153|     });
    154| });

⎯⎯⎯⎯⎯⎯⎯⎯⎯⎯⎯⎯⎯⎯⎯⎯⎯⎯⎯⎯⎯⎯⎯⎯[2/2]⎯

 Test Files  1 failed (1)
      Tests  2 failed | 4 passed (6)
   Start at  18:49:52
   Duration  1.44s (transform 71ms, setup 66ms, collect 496ms, tests 61ms, environment 365ms, prepare 55ms)

